[paul-themes.com/wp/jonny/jonny-demo/index.html]
[backblue.gif]
[fade.gif]
[index.html]
[paul-themes.com/wp/jonny/jonny-demo/wp-content/plugins/gtranslate/gtranslate-style2455fe.css]
[paul-themes.com/wp/jonny/jonny-demo/wp-content/plugins/contact-form-7/includes/css/styles20fd.css]
[paul-themes.com/wp/jonny/jonny-demo/wp-content/plugins/jonny_plugin/style55fe.css]
[paul-themes.com/wp/jonny/jonny-demo/feed/index.html]
[paul-themes.com/wp/jonny/jonny-demo/wp-content/plugins/revslider/public/assets/css/settingsdd22.css]
[paul-themes.com/wp/jonny/jonny-demo/comments/feed/index.html]
[paul-themes.com/wp/jonny/jonny-demo/wp-content/plugins/js_composer/assets/css/js_composer.min5243.css]
[paul-themes.com/wp/jonny/jonny-demo/wp-content/themes/jonny/css/bootstrap55fe.css]
[paul-themes.com/wp/jonny/jonny-demo/wp-content/plugins/js_composer/assets/lib/bower/font-awesome/css/font-awesome.min5243.css]
[paul-themes.com/wp/jonny/jonny-demo/wp-content/themes/jonny/css/ionicons.min55fe.css]
[paul-themes.com/wp/jonny/jonny-demo/wp-content/themes/jonny/css/linearicons55fe.css]
[paul-themes.com/wp/jonny/jonny-demo/wp-content/themes/jonny/css/jquery.fullPage55fe.css]
[paul-themes.com/wp/jonny/jonny-demo/wp-content/themes/jonny/css/jquery.pagepiling55fe.css]
[paul-themes.com/wp/jonny/jonny-demo/wp-content/themes/jonny/css/owl.carousel55fe.css]
[paul-themes.com/wp/jonny/jonny-demo/wp-content/themes/jonny/css/style55fe.css]
[paul-themes.com/wp/jonny/jonny-demo/wp-content/uploads/style55fe.css]
[paul-themes.com/wp/jonny/jonny-demo/wp-content/themes/jonny/style55fe.css]
[paul-themes.com/wp/jonny/jonny-demo/wp-includes/js/jquery/jquery-migrate.min330a.js]
[paul-themes.com/wp/jonny/jonny-demo/wp-includes/js/jquery/jqueryb8ff.js]
[paul-themes.com/wp/jonny/jonny-demo/xmlrpc0db0.php]
[paul-themes.com/wp/jonny/jonny-demo/wp-content/plugins/revslider/public/assets/js/jquery.themepunch.revolution.mindd22.js]
[paul-themes.com/wp/jonny/jonny-demo/wp-includes/wlwmanifest.xml]
[paul-themes.com/wp/jonny/jonny-demo/wp-content/plugins/revslider/public/assets/js/jquery.themepunch.tools.mindd22.js]
[paul-themes.com/wp/jonny/jonny-demo/wp-json/index.html]
[paul-themes.com/wp/jonny/jonny-demo/wp-json/oembed/1.0/embed006e.json]
[paul-themes.com/wp/jonny/jonny-demo/wp-json/oembed/1.0/embed3fdc]
[paul-themes.com/wp/jonny/jonny-demo/wp-content/uploads/2018/01/brand.png]
[paul-themes.com/wp/jonny/jonny-demo/category/blog/index.html]
[translate.google.com/translate_a/element.187876.delayed]
[paul-themes.com/wp/jonny/jonny-demo/wp-content/uploads/2018/01/bg1-1.jpg]
[paul-themes.com/wp/jonny/jonny-demo/wp-content/uploads/2018/01/bg2-2.jpg]
[paul-themes.com/wp/jonny/jonny-demo/wp-content/uploads/2018/01/bg2-3.jpg]
[paul-themes.com/wp/jonny/jonny-demo/wp-content/uploads/2018/01/bg2-4.jpg]
[paul-themes.com/wp/jonny/jonny-demo/wp-content/uploads/2018/01/bg2-5.jpg]
[paul-themes.com/wp/jonny/jonny-demo/wp-content/uploads/2018/01/bg2-6.jpg]
[paul-themes.com/wp/jonny/jonny-demo/wp-content/uploads/2018/01/bg3.jpg]
[paul-themes.com/wp/jonny/jonny-demo/wp-content/uploads/2018/02/bg2-2.jpg]
[paul-themes.com/wp/jonny/jonny-demo/wp-content/uploads/2018/02/bg2.jpg]
[paul-themes.com/wp/jonny/jonny-demo/wp-content/uploads/2018/01/1-470x490.jpg]
[paul-themes.com/wp/jonny/jonny-demo/project/project-details/index.html]
[paul-themes.com/wp/jonny/jonny-demo/wp-content/uploads/2018/01/1-170x35.png]
[paul-themes.com/wp/jonny/jonny-demo/wp-content/uploads/2018/01/2.png]
[paul-themes.com/wp/jonny/jonny-demo/wp-content/uploads/2018/01/1-1-170x35.png]
[paul-themes.com/wp/jonny/jonny-demo/wp-content/uploads/2018/01/2-1.png]
[paul-themes.com/wp/jonny/jonny-demo/wp-content/uploads/2018/01/1-2-170x35.png]
[paul-themes.com/wp/jonny/jonny-demo/wp-content/uploads/2018/01/2-2.png]
[paul-themes.com/wp/jonny/jonny-demo/wp-content/uploads/2018/01/1-3-170x35.png]
[paul-themes.com/wp/jonny/jonny-demo/wp-content/uploads/2018/01/2-3.png]
[paul-themes.com/wp/jonny/jonny-demo/wp-content/uploads/2018/01/bg4.jpg]
[paul-themes.com/wp/jonny/jonny-demo/wp-content/plugins/contact-form-7/includes/js/scripts20fd.js]
[paul-themes.com/wp/jonny/jonny-demo/wp-includes/js/imagesloaded.min55a0.js]
[paul-themes.com/wp/jonny/jonny-demo/wp-content/themes/jonny/js/bootstrap.min68b3.js]
[paul-themes.com/wp/jonny/jonny-demo/wp-content/themes/jonny/js/jquery.validate.min68b3.js]
[paul-themes.com/wp/jonny/jonny-demo/wp-content/themes/jonny/js/owl.carousel.min68b3.js]
[paul-themes.com/wp/jonny/jonny-demo/wp-content/themes/jonny/js/scripts68b3.js]
[paul-themes.com/wp/jonny/jonny-demo/wp-content/themes/jonny/js/jquery.pagepiling68b3.js]
[paul-themes.com/wp/jonny/jonny-demo/wp-includes/js/comment-reply.min55fe.js]
[paul-themes.com/wp/jonny/jonny-demo/wp-includes/js/wp-embed.min55fe.js]
[paul-themes.com/wp/jonny/jonny-demo/index.html]
[paul-themes.com/wp/jonny/jonny-demo/wp-content/plugins/js_composer/assets/js/dist/js_composer_front.min5243.js]
[paul-themes.com/wp/jonny/jonny-demo/wp-content/plugins/gtranslate/24.png]
[paul-themes.com/wp/jonny/jonny-demo/wp-content/plugins/gtranslate/24a.png]
[paul-themes.com/wp/jonny/jonny-demo/wp-content/plugins/gtranslate/alt_flags.png]
[paul-themes.com/wp/jonny/jonny-demo/wp-content/plugins/gtranslate/alt_flagsa.png]
[paul-themes.com/wp/jonny/jonny-demo/wp-content/plugins/gtranslate/gtranslate-style2455fe.css]
[paul-themes.com/wp/jonny/jonny-demo/wp-content/plugins/contact-form-7/images/ajax-loader.gif]
[paul-themes.com/wp/jonny/jonny-demo/wp-content/plugins/contact-form-7/includes/css/styles20fd.css]
[paul-themes.com/wp/jonny/jonny-demo/wp-content/plugins/jonny_plugin/style55fe.css]
[paul-themes.com/wp/jonny/jonny-demo/wp-content/plugins/revslider/public/assets/fonts/revicons/revicons90c6.eot]
[paul-themes.com/wp/jonny/jonny-demo/wp-content/plugins/revslider/public/assets/fonts/revicons/revicons90c6.woff]
[paul-themes.com/wp/jonny/jonny-demo/wp-content/plugins/revslider/public/assets/fonts/revicons/revicons90c6.ttf]
[paul-themes.com/wp/jonny/jonny-demo/wp-content/plugins/revslider/public/assets/fonts/revicons/revicons90c6.svg]
[paul-themes.com/wp/jonny/jonny-demo/wp-content/plugins/revslider/public/assets/css/openhand.cur]
[paul-themes.com/wp/jonny/jonny-demo/wp-content/plugins/revslider/public/assets/css/closedhand.cur]
[paul-themes.com/wp/jonny/jonny-demo/wp-content/plugins/revslider/public/assets/assets/gridtile.png]
[paul-themes.com/wp/jonny/jonny-demo/wp-content/plugins/revslider/public/assets/assets/gridtile_white.png]
[paul-themes.com/wp/jonny/jonny-demo/wp-content/plugins/revslider/public/assets/assets/gridtile_3x3.png]
[paul-themes.com/wp/jonny/jonny-demo/wp-content/plugins/revslider/public/assets/assets/gridtile_3x3_white.png]
[paul-themes.com/wp/jonny/jonny-demo/wp-content/plugins/revslider/public/assets/assets/coloredbg.png]
[paul-themes.com/wp/jonny/jonny-demo/wp-content/plugins/revslider/public/assets/assets/loader.gif]
[paul-themes.com/wp/jonny/jonny-demo/wp-content/plugins/revslider/public/assets/css/settingsdd22.css]
[paul-themes.com/wp/jonny/jonny-demo/wp-content/plugins/js_composer/assets/vc/alert.png]
[paul-themes.com/wp/jonny/jonny-demo/wp-content/plugins/js_composer/assets/vc/info.png]
[paul-themes.com/wp/jonny/jonny-demo/wp-content/plugins/js_composer/assets/vc/tick.png]
[paul-themes.com/wp/jonny/jonny-demo/wp-content/plugins/js_composer/assets/vc/exclamation.png]
[paul-themes.com/wp/jonny/jonny-demo/wp-content/plugins/js_composer/assets/images/icons/address-book.png]
[paul-themes.com/wp/jonny/jonny-demo/wp-content/plugins/js_composer/assets/images/icons/alarm-clock.png]
[paul-themes.com/wp/jonny/jonny-demo/wp-content/plugins/js_composer/assets/images/icons/anchor.png]
[paul-themes.com/wp/jonny/jonny-demo/wp-content/plugins/js_composer/assets/images/icons/application-image.png]
[paul-themes.com/wp/jonny/jonny-demo/wp-content/plugins/js_composer/assets/images/icons/arrow.png]
[paul-themes.com/wp/jonny/jonny-demo/wp-content/plugins/js_composer/assets/images/icons/asterisk.png]
[paul-themes.com/wp/jonny/jonny-demo/wp-content/plugins/js_composer/assets/images/icons/auction-hammer.png]
[paul-themes.com/wp/jonny/jonny-demo/wp-content/plugins/js_composer/assets/images/icons/balloon.png]
[paul-themes.com/wp/jonny/jonny-demo/wp-content/plugins/js_composer/assets/images/icons/balloon-buzz.png]
[paul-themes.com/wp/jonny/jonny-demo/wp-content/plugins/js_composer/assets/images/icons/balloon-facebook.png]
[paul-themes.com/wp/jonny/jonny-demo/wp-content/plugins/js_composer/assets/images/icons/balloon-twitter.png]
[paul-themes.com/wp/jonny/jonny-demo/wp-content/plugins/js_composer/assets/images/icons/battery-full.png]
[paul-themes.com/wp/jonny/jonny-demo/wp-content/plugins/js_composer/assets/images/icons/binocular.png]
[paul-themes.com/wp/jonny/jonny-demo/wp-content/plugins/js_composer/assets/images/icons/blue-document-excel.png]
[paul-themes.com/wp/jonny/jonny-demo/wp-content/plugins/js_composer/assets/images/icons/blue-document-image.png]
[paul-themes.com/wp/jonny/jonny-demo/wp-content/plugins/js_composer/assets/images/icons/blue-document-music.png]
[paul-themes.com/wp/jonny/jonny-demo/wp-content/plugins/js_composer/assets/images/icons/blue-document-office.png]
[paul-themes.com/wp/jonny/jonny-demo/wp-content/plugins/js_composer/assets/images/icons/blue-document-pdf.png]
[paul-themes.com/wp/jonny/jonny-demo/wp-content/plugins/js_composer/assets/images/icons/blue-document-powerpoint.png]
[paul-themes.com/wp/jonny/jonny-demo/wp-content/plugins/js_composer/assets/images/icons/blue-document-word.png]
[paul-themes.com/wp/jonny/jonny-demo/wp-content/plugins/js_composer/assets/images/icons/bookmark.png]
[paul-themes.com/wp/jonny/jonny-demo/wp-content/plugins/js_composer/assets/images/icons/camcorder.png]
[paul-themes.com/wp/jonny/jonny-demo/wp-content/plugins/js_composer/assets/images/icons/camera.png]
[paul-themes.com/wp/jonny/jonny-demo/wp-content/plugins/js_composer/assets/images/icons/chart.png]
[paul-themes.com/wp/jonny/jonny-demo/wp-content/plugins/js_composer/assets/images/icons/chart-pie.png]
[paul-themes.com/wp/jonny/jonny-demo/wp-content/plugins/js_composer/assets/images/icons/clock.png]
[paul-themes.com/wp/jonny/jonny-demo/wp-content/plugins/js_composer/assets/images/icons/control.png]
[paul-themes.com/wp/jonny/jonny-demo/wp-content/plugins/js_composer/assets/images/icons/fire.png]
[paul-themes.com/wp/jonny/jonny-demo/wp-content/plugins/js_composer/assets/images/icons/heart.png]
[paul-themes.com/wp/jonny/jonny-demo/wp-content/plugins/js_composer/assets/images/icons/mail.png]
[paul-themes.com/wp/jonny/jonny-demo/wp-content/plugins/js_composer/assets/images/icons/plus-shield.png]
[paul-themes.com/wp/jonny/jonny-demo/wp-content/plugins/js_composer/assets/images/icons/video.png]
[paul-themes.com/wp/jonny/jonny-demo/wp-content/plugins/js_composer/assets/fonts/vc_icons_v2/fonts/vcpb-plugin-icons01aa.ttf]
[paul-themes.com/wp/jonny/jonny-demo/wp-content/plugins/js_composer/assets/fonts/vc_icons_v2/fonts/vcpb-plugin-icons01aa.woff]
[paul-themes.com/wp/jonny/jonny-demo/wp-content/plugins/js_composer/assets/fonts/vc_icons_v2/fonts/vcpb-plugin-icons01aa.svg]
[paul-themes.com/wp/jonny/jonny-demo/wp-content/plugins/js_composer/assets/images/toggle_open.png]
[paul-themes.com/wp/jonny/jonny-demo/wp-content/plugins/js_composer/assets/images/toggle_close.png]
[paul-themes.com/wp/jonny/jonny-demo/wp-content/plugins/js_composer/assets/images/flickr.png]
[paul-themes.com/wp/jonny/jonny-demo/wp-content/plugins/js_composer/assets/fonts/vc_grid/vc_grid_v157a1.eot]
[paul-themes.com/wp/jonny/jonny-demo/wp-content/plugins/js_composer/assets/fonts/vc_grid/vc_grid_v1d41d.eot]
[paul-themes.com/wp/jonny/jonny-demo/wp-content/plugins/js_composer/assets/fonts/vc_grid/vc_grid_v157a1.woff]
[paul-themes.com/wp/jonny/jonny-demo/wp-content/plugins/js_composer/assets/fonts/vc_grid/vc_grid_v157a1.ttf]
[paul-themes.com/wp/jonny/jonny-demo/wp-content/plugins/js_composer/assets/fonts/vc_grid/vc_grid_v157a1.svg]
[paul-themes.com/wp/jonny/jonny-demo/wp-content/plugins/js_composer/assets/images/spinner.gif]
[paul-themes.com/wp/jonny/jonny-demo/wp-content/plugins/js_composer/assets/vc/remove.png]
[paul-themes.com/wp/jonny/jonny-demo/wp-content/plugins/js_composer/assets/css/js_composer.min5243.css]
[paul-themes.com/wp/jonny/jonny-demo/wp-content/themes/jonny/fonts/glyphicons-halflings-regular.eot]
[paul-themes.com/wp/jonny/jonny-demo/wp-content/themes/jonny/fonts/glyphicons-halflings-regulard41d.eot]
[paul-themes.com/wp/jonny/jonny-demo/wp-content/themes/jonny/fonts/glyphicons-halflings-regular.woff2]
[paul-themes.com/wp/jonny/jonny-demo/wp-content/themes/jonny/fonts/glyphicons-halflings-regular.woff]
[paul-themes.com/wp/jonny/jonny-demo/wp-content/themes/jonny/fonts/glyphicons-halflings-regular.ttf]
[paul-themes.com/wp/jonny/jonny-demo/wp-content/themes/jonny/fonts/glyphicons-halflings-regular.svg]
[paul-themes.com/wp/jonny/jonny-demo/wp-content/themes/jonny/css/bootstrap55fe.css]
[paul-themes.com/wp/jonny/jonny-demo/wp-content/plugins/js_composer/assets/lib/bower/font-awesome/fonts/fontawesome-webfont3e6e.woff2]
[paul-themes.com/wp/jonny/jonny-demo/wp-content/plugins/js_composer/assets/lib/bower/font-awesome/fonts/fontawesome-webfont3e6e.eot]
[paul-themes.com/wp/jonny/jonny-demo/wp-content/plugins/js_composer/assets/lib/bower/font-awesome/fonts/fontawesome-webfont3e6e.ttf]
[paul-themes.com/wp/jonny/jonny-demo/wp-content/plugins/js_composer/assets/lib/bower/font-awesome/fonts/fontawesome-webfontd41d.eot]
[paul-themes.com/wp/jonny/jonny-demo/wp-content/plugins/js_composer/assets/lib/bower/font-awesome/css/font-awesome.min5243.css]
[paul-themes.com/wp/jonny/jonny-demo/wp-content/plugins/js_composer/assets/lib/bower/font-awesome/fonts/fontawesome-webfont3e6e.woff]
[paul-themes.com/wp/jonny/jonny-demo/wp-content/plugins/js_composer/assets/lib/bower/font-awesome/fonts/fontawesome-webfont3e6e.svg]
[paul-themes.com/wp/jonny/jonny-demo/wp-content/themes/jonny/fonts/ionicons28b5.ttf]
[paul-themes.com/wp/jonny/jonny-demo/wp-content/themes/jonny/fonts/ionicons28b5.eot]
[paul-themes.com/wp/jonny/jonny-demo/wp-content/themes/jonny/fonts/ionicons28b5.woff]
[paul-themes.com/wp/jonny/jonny-demo/wp-content/themes/jonny/css/ionicons.min55fe.css]
[paul-themes.com/wp/jonny/jonny-demo/wp-content/themes/jonny/fonts/Linearicons.ttf]
[paul-themes.com/wp/jonny/jonny-demo/wp-content/themes/jonny/css/linearicons55fe.css]
[paul-themes.com/wp/jonny/jonny-demo/wp-content/themes/jonny/css/jquery.fullPage55fe.css]
[paul-themes.com/wp/jonny/jonny-demo/wp-content/themes/jonny/css/jquery.pagepiling55fe.css]
[paul-themes.com/wp/jonny/jonny-demo/wp-content/themes/jonny/css/owl.video.play.png]
[paul-themes.com/wp/jonny/jonny-demo/wp-content/themes/jonny/css/owl.carousel55fe.css]
[paul-themes.com/wp/jonny/jonny-demo/wp-content/themes/jonny/fonts/poppins-regular-webfont.woff2]
[paul-themes.com/wp/jonny/jonny-demo/wp-content/themes/jonny/fonts/ionicons28b5.svg]
[paul-themes.com/wp/jonny/jonny-demo/wp-content/themes/jonny/images/bg/dots.png]
[paul-themes.com/wp/jonny/jonny-demo/wp-content/themes/jonny/fonts/poppins-regular-webfont.woff]
[paul-themes.com/wp/jonny/jonny-demo/wp-content/themes/jonny/images/bg/dots2.png]
[paul-themes.com/wp/jonny/jonny-demo/wp-content/themes/jonny/images/1-1920x800.jpg]
[paul-themes.com/wp/jonny/jonny-demo/wp-content/themes/jonny/css/style55fe.css]
[paul-themes.com/wp/jonny/jonny-demo/wp-content/fonts/poppins-regular-webfont.woff2]
[paul-themes.com/wp/jonny/jonny-demo/wp-content/fonts/poppins-regular-webfont.woff]
[paul-themes.com/wp/jonny/jonny-demo/wp-content/uploads/style55fe.css]
[paul-themes.com/wp/jonny/jonny-demo/wp-content/themes/jonny/style55fe.css]
[paul-themes.com/wp/jonny/jonny-demo/wp-content/uploads/2017/02/1-760x390.jpg]
[paul-themes.com/wp/jonny/jonny-demo/category/blog/feed/index.html]
[paul-themes.com/wp/jonny/jonny-demo/2017/02/14/branding-do-you-know-who-you-are-15/index.html]
[paul-themes.com/wp/jonny/jonny-demo/wp-content/uploads/2017/02/2-760x390.jpg]
[paul-themes.com/wp/jonny/jonny-demo/author/admin/index.html]
[paul-themes.com/wp/jonny/jonny-demo/2017/02/14/branding-do-you-know-who-you-are-14/index.html]
[paul-themes.com/wp/jonny/jonny-demo/wp-content/uploads/2017/02/3-760x390.jpg]
[paul-themes.com/wp/jonny/jonny-demo/2017/02/14/branding-do-you-know-who-you-are-13/index.html]
[paul-themes.com/wp/jonny/jonny-demo/wp-content/uploads/2017/02/architecture2-700x430-700x390.jpg]
[paul-themes.com/wp/jonny/jonny-demo/category/blog/index.html]
[translate.google.com/translate_a/element7876.html]
[paul-themes.com/wp/jonny/jonny-demo/wp-json/oembed/1.0/embedb7ce.json]
[paul-themes.com/wp/jonny/jonny-demo/project/project-details/index.html]
[paul-themes.com/wp/jonny/jonny-demo/wp-content/plugins/revslider/public/assets/fonts/revicons/revicons90c6.svg]
[paul-themes.com/wp/jonny/jonny-demo/wp-content/plugins/js_composer/assets/fonts/vc_icons_v2/fonts/vcpb-plugin-icons01aa.svg]
[paul-themes.com/wp/jonny/jonny-demo/wp-content/plugins/js_composer/assets/fonts/vc_grid/vc_grid_v157a1.svg]
[paul-themes.com/wp/jonny/jonny-demo/wp-content/themes/jonny/fonts/glyphicons-halflings-regular.html]
[paul-themes.com/wp/jonny/jonny-demo/wp-content/themes/jonny/fonts/glyphicons-halflings-regulard41d.html]
[paul-themes.com/wp/jonny/jonny-demo/wp-content/themes/jonny/fonts/glyphicons-halflings-regular-2.html]
[paul-themes.com/wp/jonny/jonny-demo/wp-content/themes/jonny/fonts/glyphicons-halflings-regular-3.html]
[paul-themes.com/wp/jonny/jonny-demo/wp-content/themes/jonny/fonts/glyphicons-halflings-regular-4.html]
[paul-themes.com/wp/jonny/jonny-demo/wp-content/themes/jonny/fonts/glyphicons-halflings-regular-5.html]
[paul-themes.com/wp/jonny/jonny-demo/wp-content/plugins/js_composer/assets/lib/bower/font-awesome/fonts/fontawesome-webfont3e6e.svg]
[paul-themes.com/wp/jonny/jonny-demo/wp-content/themes/jonny/fonts/ionicons28b5.svg]
[paul-themes.com/wp/jonny/jonny-demo/wp-content/themes/jonny/images/1-1920x800.html]
[paul-themes.com/wp/jonny/jonny-demo/wp-content/fonts/poppins-regular-webfont.html]
[paul-themes.com/wp/jonny/jonny-demo/wp-content/fonts/poppins-regular-webfont-2.html]
[paul-themes.com/wp/jonny/jonny-demo/wp-json/oembed/1.0/embed362e]
[paul-themes.com/wp/jonny/jonny-demo/2017/02/14/branding-do-you-know-who-you-are-12/index.html]
[paul-themes.com/wp/jonny/jonny-demo/wp-json/oembed/1.0/embed2a8c.json]
[paul-themes.com/wp/jonny/jonny-demo/2017/02/14/branding-do-you-know-who-you-are-15/feed/index.html]
[paul-themes.com/wp/jonny/jonny-demo/2017/02/14/branding-do-you-know-who-you-are-16/index.html]
[paul-themes.com/wp/jonny/jonny-demo/wp-json/oembed/1.0/embed32db]
[paul-themes.com/wp/jonny/jonny-demo/wp-login.html]
[paul-themes.com/wp/jonny/jonny-demo/2017/02/14/branding-do-you-know-who-you-are-15/index.html]
[paul-themes.com/wp/jonny/jonny-demo/tag/google/index.html]
[paul-themes.com/wp/jonny/jonny-demo/tag/technology/index.html]
[paul-themes.com/wp/jonny/jonny-demo/tag/marketing/index.html]
[paul-themes.com/wp/jonny/jonny-demo/tag/web-design/index.html]
[paul-themes.com/wp/jonny/jonny-demo/wp-content/uploads/2017/02/1-324x216.jpg]
[paul-themes.com/wp/jonny/jonny-demo/category/consulting/index.html]
[paul-themes.com/wp/jonny/jonny-demo/wp-content/uploads/2017/02/2-324x216.jpg]
[paul-themes.com/wp/jonny/jonny-demo/category/consulting-2/index.html]
[paul-themes.com/wp/jonny/jonny-demo/author/admin/feed/index.html]
[paul-themes.com/wp/jonny/jonny-demo/wp-content/uploads/2017/02/3-324x216.jpg]
[paul-themes.com/wp/jonny/jonny-demo/2017/02/14/branding-do-you-know-who-you-are-21/index.html]
[paul-themes.com/wp/jonny/jonny-demo/2017/02/14/branding-do-you-know-who-you-are-19/index.html]
[paul-themes.com/wp/jonny/jonny-demo/wp-content/uploads/2017/02/4-324x216.jpg]
[paul-themes.com/wp/jonny/jonny-demo/2017/02/14/branding-do-you-know-who-you-are-20/index.html]
[paul-themes.com/wp/jonny/jonny-demo/author/admin/index.html]
[paul-themes.com/wp/jonny/jonny-demo/2017/02/14/branding-do-you-know-who-you-are-18/index.html]
[paul-themes.com/wp/jonny/jonny-demo/wp-json/oembed/1.0/embedb3bb.json]
[paul-themes.com/wp/jonny/jonny-demo/2017/02/14/branding-do-you-know-who-you-are-14/feed/index.html]
[paul-themes.com/wp/jonny/jonny-demo/2017/02/14/branding-do-you-know-who-you-are-14/index.html]
[paul-themes.com/wp/jonny/jonny-demo/wp-json/oembed/1.0/embed46d5]
[paul-themes.com/wp/jonny/jonny-demo/wp-json/oembed/1.0/embed0370.json]
[paul-themes.com/wp/jonny/jonny-demo/2017/02/14/branding-do-you-know-who-you-are-13/feed/index.html]
[paul-themes.com/wp/jonny/jonny-demo/2017/02/14/branding-do-you-know-who-you-are-13/index.html]
[paul-themes.com/wp/jonny/jonny-demo/wp-json/oembed/1.0/embed8bfa]
[paul-themes.com/wp/jonny/jonny-demo/wp-json/oembed/1.0/embede914.json]
[paul-themes.com/wp/jonny/jonny-demo/2017/02/14/branding-do-you-know-who-you-are-12/feed/index.html]
[paul-themes.com/wp/jonny/jonny-demo/2017/02/14/branding-do-you-know-who-you-are-11/index.html]
[paul-themes.com/wp/jonny/jonny-demo/2017/02/14/branding-do-you-know-who-you-are-12/index.html]
[paul-themes.com/wp/jonny/jonny-demo/index44d6.html]
[paul-themes.com/wp/jonny/jonny-demo/wp-json/oembed/1.0/embed088f]
[paul-themes.com/wp/jonny/jonny-demo/wp-json/oembed/1.0/embeda464.json]
[paul-themes.com/wp/jonny/jonny-demo/2017/02/14/branding-do-you-know-who-you-are-16/feed/index.html]
[paul-themes.com/wp/jonny/jonny-demo/2017/02/14/branding-do-you-know-who-you-are-17/index.html]
[paul-themes.com/wp/jonny/jonny-demo/wp-json/oembed/1.0/embed2810]
[paul-themes.com/wp/jonny/jonny-demo/wp-content/uploads/2017/02/6-324x216.jpg]
[paul-themes.com/wp/jonny/jonny-demo/2017/02/14/branding-do-you-know-who-you-are-16/index.html]
[paul-themes.com/wp/jonny/jonny-demo/index59fe.html]
[paul-themes.com/wp/jonny/jonny-demo/wp-content/uploads/2017/02/3-700x430-700x390.jpg]
[paul-themes.com/wp/jonny/jonny-demo/tag/google/feed/index.html]
[paul-themes.com/wp/jonny/jonny-demo/tag/google/index.html]
[paul-themes.com/wp/jonny/jonny-demo/tag/marketing/index.html]
[paul-themes.com/wp/jonny/jonny-demo/tag/technology/index.html]
[paul-themes.com/wp/jonny/jonny-demo/2017/01/28/branding-do-you-know-who-you-are/index.html]
[paul-themes.com/wp/jonny/jonny-demo/tag/web-design/index.html]
[paul-themes.com/wp/jonny/jonny-demo/tag/technology/feed/index.html]
[paul-themes.com/wp/jonny/jonny-demo/tag/marketing/feed/index.html]
[paul-themes.com/wp/jonny/jonny-demo/category/consulting/index.html]
[paul-themes.com/wp/jonny/jonny-demo/category/consulting-2/index.html]
[paul-themes.com/wp/jonny/jonny-demo/tag/web-design/feed/index.html]
[paul-themes.com/wp/jonny/jonny-demo/category/consulting-2/feed/index.html]
[paul-themes.com/wp/jonny/jonny-demo/category/consulting/feed/index.html]
[paul-themes.com/wp/jonny/jonny-demo/2017/06/01/advertising-internet-online/index.html]
[paul-themes.com/wp/jonny/jonny-demo/wp-admin/load-stylesb876.css]
[paul-themes.com/wp/jonny/jonny-demo/wp-login.html]
[paul-themes.com/wp/jonny/jonny-demo/author/mario/index.html]
[paul-themes.com/wp/jonny/jonny-demo/wp-loginc2b6.html]
[paul-themes.com/wp/jonny/jonny-demo/wp-admin/load-scriptsf93c.php]
[paul-themes.com/wp/jonny/jonny-demo/wp-json/oembed/1.0/embeddab0.json]
[paul-themes.com/wp/jonny/jonny-demo/2017/02/14/branding-do-you-know-who-you-are-21/feed/index.html]
[paul-themes.com/wp/jonny/jonny-demo/2017/02/14/branding-do-you-know-who-you-are-21/index.html]
[paul-themes.com/wp/jonny/jonny-demo/wp-json/oembed/1.0/embed69fd]
[paul-themes.com/wp/jonny/jonny-demo/wp-json/oembed/1.0/embede004.json]
[paul-themes.com/wp/jonny/jonny-demo/2017/02/14/branding-do-you-know-who-you-are-20/feed/index.html]
[paul-themes.com/wp/jonny/jonny-demo/2017/02/14/branding-do-you-know-who-you-are-20/index.html]
[paul-themes.com/wp/jonny/jonny-demo/wp-json/oembed/1.0/embed2762]
[paul-themes.com/wp/jonny/jonny-demo/wp-json/oembed/1.0/embed76bd.json]
[paul-themes.com/wp/jonny/jonny-demo/2017/02/14/branding-do-you-know-who-you-are-19/feed/index.html]
[paul-themes.com/wp/jonny/jonny-demo/2017/02/14/branding-do-you-know-who-you-are-19/index.html]
[paul-themes.com/wp/jonny/jonny-demo/wp-json/oembed/1.0/embed4d1e]
[paul-themes.com/wp/jonny/jonny-demo/wp-json/oembed/1.0/embed61c5.json]
[paul-themes.com/wp/jonny/jonny-demo/2017/02/14/branding-do-you-know-who-you-are-18/index.html]
[paul-themes.com/wp/jonny/jonny-demo/indexd589.html]
[paul-themes.com/wp/jonny/jonny-demo/index1303.html]
[paul-themes.com/wp/jonny/jonny-demo/2017/02/14/branding-do-you-know-who-you-are-18/feed/index.html]
[paul-themes.com/wp/jonny/jonny-demo/wp-json/oembed/1.0/embedbbd3]
[paul-themes.com/wp/jonny/jonny-demo/wp-json/oembed/1.0/embed1d41.json]
[paul-themes.com/wp/jonny/jonny-demo/2017/02/14/branding-do-you-know-who-you-are-11/feed/index.html]
[paul-themes.com/wp/jonny/jonny-demo/2017/02/14/branding-do-you-know-who-you-are-10/index.html]
[paul-themes.com/wp/jonny/jonny-demo/wp-json/oembed/1.0/embedddf1]
[paul-themes.com/wp/jonny/jonny-demo/wp-content/uploads/2017/02/1-1275x481-700x430-700x390.jpg]
[paul-themes.com/wp/jonny/jonny-demo/2017/02/14/branding-do-you-know-who-you-are-11/index.html]
[paul-themes.com/wp/jonny/jonny-demo/index0c42.html]
[paul-themes.com/wp/jonny/jonny-demo/wp-json/oembed/1.0/embed85ca.json]
[paul-themes.com/wp/jonny/jonny-demo/2017/02/14/branding-do-you-know-who-you-are-17/feed/index.html]
[paul-themes.com/wp/jonny/jonny-demo/wp-json/oembed/1.0/embeddf09]
[paul-themes.com/wp/jonny/jonny-demo/wp-content/uploads/2017/02/5-324x216.jpg]
[paul-themes.com/wp/jonny/jonny-demo/2017/02/14/branding-do-you-know-who-you-are-17/index.html]
[paul-themes.com/wp/jonny/jonny-demo/index7849.html]
[paul-themes.com/wp/jonny/jonny-demo/wp-json/oembed/1.0/embedb6b0.json]
[paul-themes.com/wp/jonny/jonny-demo/2017/01/28/branding-do-you-know-who-you-are/feed/index.html]
[paul-themes.com/wp/jonny/jonny-demo/2017/01/28/branding-do-you-know-who-you-are-2/index.html]
[paul-themes.com/wp/jonny/jonny-demo/2017/01/28/branding-do-you-know-who-you-are/index.html]
[paul-themes.com/wp/jonny/jonny-demo/2017/02/02/branding-do-you-know-who-you-are-4/index.html]
[paul-themes.com/wp/jonny/jonny-demo/wp-json/oembed/1.0/embed2247]
[paul-themes.com/wp/jonny/jonny-demo/wp-json/oembed/1.0/embed514d.json]
[paul-themes.com/wp/jonny/jonny-demo/2017/06/01/advertising-internet-online/feed/index.html]
[paul-themes.com/wp/jonny/jonny-demo/2017/06/01/advertising-internet-online/index.html]
[paul-themes.com/wp/jonny/jonny-demo/author/mario/index.html]
[paul-themes.com/wp/jonny/jonny-demo/wp-json/oembed/1.0/embed230b]
[paul-themes.com/wp/jonny/jonny-demo/author/mario/feed/index.html]
[paul-themes.com/wp/jonny/jonny-demo/wp-admin/images/loading.gif]
[paul-themes.com/wp/jonny/jonny-demo/wp-includes/fonts/dashicons.eot]
[paul-themes.com/wp/jonny/jonny-demo/wp-admin/images/w-logo-blue7a53.png]
[paul-themes.com/wp/jonny/jonny-demo/wp-admin/load-stylesb876.css]
[paul-themes.com/wp/jonny/jonny-demo/wp-loginc2b6.html]
[paul-themes.com/wp/jonny/jonny-demo/index2b52.html]
[paul-themes.com/wp/jonny/jonny-demo/index44b6.html]
[paul-themes.com/wp/jonny/jonny-demo/indexc9ac.html]
[paul-themes.com/wp/jonny/jonny-demo/index5900.html]
[paul-themes.com/wp/jonny/jonny-demo/wp-admin/images/wordpress-logo7d6b.svg]
[paul-themes.com/wp/jonny/jonny-demo/wp-json/oembed/1.0/embedd1f2.json]
[paul-themes.com/wp/jonny/jonny-demo/2017/02/14/branding-do-you-know-who-you-are-10/feed/index.html]
[paul-themes.com/wp/jonny/jonny-demo/2017/02/02/branding-do-you-know-who-you-are-9/index.html]
[paul-themes.com/wp/jonny/jonny-demo/wp-json/oembed/1.0/embedc32f]
[paul-themes.com/wp/jonny/jonny-demo/wp-content/uploads/2017/02/interior2-700x430-700x390.jpg]
[paul-themes.com/wp/jonny/jonny-demo/2017/02/14/branding-do-you-know-who-you-are-10/index.html]
[paul-themes.com/wp/jonny/jonny-demo/indexf884.html]
[paul-themes.com/wp/jonny/jonny-demo/indexea31.html]
[paul-themes.com/wp/jonny/jonny-demo/2017/01/28/branding-do-you-know-who-you-are-2/feed/index.html]
[paul-themes.com/wp/jonny/jonny-demo/wp-json/oembed/1.0/embede3cd.json]
[paul-themes.com/wp/jonny/jonny-demo/2017/01/27/branding-do-you-know-who-you-are-3/index.html]
[paul-themes.com/wp/jonny/jonny-demo/wp-json/oembed/1.0/embed3fa3]
[paul-themes.com/wp/jonny/jonny-demo/wp-content/uploads/2017/01/1-700x430-700x390.jpg]
[paul-themes.com/wp/jonny/jonny-demo/2017/01/28/branding-do-you-know-who-you-are-2/index.html]
[paul-themes.com/wp/jonny/jonny-demo/wp-json/oembed/1.0/embed3b24.json]
[paul-themes.com/wp/jonny/jonny-demo/2017/02/02/branding-do-you-know-who-you-are-4/feed/index.html]
[paul-themes.com/wp/jonny/jonny-demo/2017/02/02/branding-do-you-know-who-you-are-5/index.html]
[paul-themes.com/wp/jonny/jonny-demo/2017/02/02/branding-do-you-know-who-you-are-4/index.html]
[paul-themes.com/wp/jonny/jonny-demo/index421d.html]
[paul-themes.com/wp/jonny/jonny-demo/indexbd0a.html]
[paul-themes.com/wp/jonny/jonny-demo/wp-admin/images/wordpress-logo7d6b.svg]
[paul-themes.com/wp/jonny/jonny-demo/wp-json/oembed/1.0/embedff42]
[paul-themes.com/wp/jonny/jonny-demo/wp-json/oembed/1.0/embedc405.json]
[paul-themes.com/wp/jonny/jonny-demo/2017/02/02/branding-do-you-know-who-you-are-9/feed/index.html]
[paul-themes.com/wp/jonny/jonny-demo/2017/02/02/branding-do-you-know-who-you-are-8/index.html]
[paul-themes.com/wp/jonny/jonny-demo/2017/02/02/branding-do-you-know-who-you-are-9/index.html]
[paul-themes.com/wp/jonny/jonny-demo/indexfeab.html]
[paul-themes.com/wp/jonny/jonny-demo/wp-json/oembed/1.0/embedc97d]
[paul-themes.com/wp/jonny/jonny-demo/wp-json/oembed/1.0/embede10a.json]
[paul-themes.com/wp/jonny/jonny-demo/2017/01/27/branding-do-you-know-who-you-are-3/feed/index.html]
[paul-themes.com/wp/jonny/jonny-demo/wp-json/oembed/1.0/embedd962]
[paul-themes.com/wp/jonny/jonny-demo/wp-content/uploads/2017/02/2-700x430-700x390.jpg]
[paul-themes.com/wp/jonny/jonny-demo/2017/01/27/branding-do-you-know-who-you-are-3/index.html]
[paul-themes.com/wp/jonny/jonny-demo/indexbe3b.html]
[paul-themes.com/wp/jonny/jonny-demo/wp-json/oembed/1.0/embed9ef0.json]
[paul-themes.com/wp/jonny/jonny-demo/2017/02/02/branding-do-you-know-who-you-are-5/feed/index.html]
[paul-themes.com/wp/jonny/jonny-demo/2017/02/02/branding-do-you-know-who-you-are-6/index.html]
[paul-themes.com/wp/jonny/jonny-demo/2017/02/02/branding-do-you-know-who-you-are-5/index.html]
[paul-themes.com/wp/jonny/jonny-demo/indexb8c6.html]
[paul-themes.com/wp/jonny/jonny-demo/wp-json/oembed/1.0/embed4023]
[paul-themes.com/wp/jonny/jonny-demo/wp-json/oembed/1.0/embed1d5f.json]
[paul-themes.com/wp/jonny/jonny-demo/2017/02/02/branding-do-you-know-who-you-are-8/feed/index.html]
[paul-themes.com/wp/jonny/jonny-demo/2017/02/02/branding-do-you-know-who-you-are-7/index.html]
[paul-themes.com/wp/jonny/jonny-demo/wp-json/oembed/1.0/embed730d]
[paul-themes.com/wp/jonny/jonny-demo/wp-content/uploads/2017/02/business2-700x430-700x390.jpg]
[paul-themes.com/wp/jonny/jonny-demo/2017/02/02/branding-do-you-know-who-you-are-8/index.html]
[paul-themes.com/wp/jonny/jonny-demo/indexecc4.html]
[paul-themes.com/wp/jonny/jonny-demo/indexf488.html]
[paul-themes.com/wp/jonny/jonny-demo/wp-json/oembed/1.0/embedd570.json]
[paul-themes.com/wp/jonny/jonny-demo/2017/02/02/branding-do-you-know-who-you-are-6/feed/index.html]
[paul-themes.com/wp/jonny/jonny-demo/2017/02/02/branding-do-you-know-who-you-are-6/index.html]
[paul-themes.com/wp/jonny/jonny-demo/index17d3.html]
[paul-themes.com/wp/jonny/jonny-demo/wp-json/oembed/1.0/embed1ba1]
[paul-themes.com/wp/jonny/jonny-demo/wp-json/oembed/1.0/embed9d6d.json]
[paul-themes.com/wp/jonny/jonny-demo/2017/02/02/branding-do-you-know-who-you-are-7/feed/index.html]
[paul-themes.com/wp/jonny/jonny-demo/2017/02/02/branding-do-you-know-who-you-are-7/index.html]
[paul-themes.com/wp/jonny/jonny-demo/indexedce.html]
[paul-themes.com/wp/jonny/jonny-demo/indexb351.html]
[paul-themes.com/wp/jonny/jonny-demo/index2202.html]
[paul-themes.com/wp/jonny/jonny-demo/wp-json/oembed/1.0/embed0002]
